// Jest Snapshot v1, https://goo.gl/fbAQLP

exports[`Required Property should render 1`] = `
<ToggleSwitch
  checked={true}
  hideLabels={true}
  id="1"
  name="1"
  onChange={[MockFunction]}
/>
`;
