// Jest Snapshot v1, https://goo.gl/fbAQLP

exports[`Currency Answer should render 1`] = `
<Field>
  <CurrencyAnswer__Wrapper>
    <Label
      description="Description"
    >
      Label
    </Label>
    <InputWithUnit
      unit="Â£"
    />
  </CurrencyAnswer__Wrapper>
</Field>
`;
