// Jest Snapshot v1, https://goo.gl/fbAQLP

exports[`Percentage answer preview should render 1`] = `
<Field>
  <Label
    description="Description"
  >
    Label
  </Label>
  <InputWithUnit
    trailing={true}
    unit="%"
  />
</Field>
`;
