// Jest Snapshot v1, https://goo.gl/fbAQLP

exports[`TextAnswer should render 1`] = `
<Field>
  <TextAreaAnswer__Wrapper>
    <Label
      description="description"
    >
      label
    </Label>
    <TextAreaAnswer__Textarea
      cols="60"
      rows="8"
    />
  </TextAreaAnswer__Wrapper>
</Field>
`;
