// Jest Snapshot v1, https://goo.gl/fbAQLP

exports[`PageNav should render 1`] = `
<TransitionGroup
  childFactory={[Function]}
  component={[Function]}
>
  <NavItemTransition
    in={false}
    key="2"
    onEntered={[Function]}
    timeout={300}
  >
    <withRouter(WrappedComponent)
      page={
        Object {
          "id": "2",
          "title": "Page",
        }
      }
      questionnaireId="1"
      sectionId="3"
    />
  </NavItemTransition>
  <NavItemTransition
    in={false}
    key="confirmation-4"
    onEntered={[Function]}
    timeout={300}
  >
    <withRouter(UnwrappedPageConfirmationNavItem)
      confirmation={
        Object {
          "__typename": "QuestionConfirmation",
          "id": "4",
          "title": "Confirmation Page",
        }
      }
      page={
        Object {
          "id": "2",
          "title": "Page",
        }
      }
      questionnaireId="1"
      sectionId="3"
    />
  </NavItemTransition>
</TransitionGroup>
`;
