// Jest Snapshot v1, https://goo.gl/fbAQLP

exports[`Accordion should render 1`] = `
<Accordion__Container>
  <Accordion__Header>
    <Accordion__Title>
      <Accordion__Button
        aria-controls="accordion-foo"
        aria-expanded={true}
        data-test="accordion-foo-button"
        onClick={[Function]}
        open={true}
      >
        foo
      </Accordion__Button>
    </Accordion__Title>
  </Accordion__Header>
  <Accordion__Body
    aria-hidden={false}
    data-test="accordion-foo-body"
    id="accordion-foo"
    open={true}
  >
    <Accordion__DisplayContent
      open={true}
    >
      Accordion panel
    </Accordion__DisplayContent>
  </Accordion__Body>
</Accordion__Container>
`;
