// Jest Snapshot v1, https://goo.gl/fbAQLP

exports[`components/QuestionnairesPage should correctly render title 1`] = `"Your Questionnaires - FooBar"`;

exports[`components/QuestionnairesPage should not render table whilst data is loading 1`] = `
<GetContext
  title={[Function]}
>
  <BaseLayout
    title="Your Questionnaires"
  >
    <ScrollPane
      permanentScrollBar={true}
    >
      <MainCanvas
        maxWidth="55em"
      >
        <Query
          fetchPolicy="cache-and-network"
          query={
            Object {
              "definitions": Array [
                Object {
                  "directives": Array [],
                  "kind": "OperationDefinition",
                  "name": Object {
                    "kind": "Name",
                    "value": "GetQuestionnaireList",
                  },
                  "operation": "query",
                  "selectionSet": Object {
                    "kind": "SelectionSet",
                    "selections": Array [
                      Object {
                        "alias": undefined,
                        "arguments": Array [],
                        "directives": Array [],
                        "kind": "Field",
                        "name": Object {
                          "kind": "Name",
                          "value": "questionnaires",
                        },
                        "selectionSet": Object {
                          "kind": "SelectionSet",
                          "selections": Array [
                            Object {
                              "directives": Array [],
                              "kind": "FragmentSpread",
                              "name": Object {
                                "kind": "Name",
                                "value": "QuestionnaireDetails",
                              },
                            },
                          ],
                        },
                      },
                    ],
                  },
                  "variableDefinitions": Array [],
                },
                Object {
                  "directives": Array [],
                  "kind": "FragmentDefinition",
                  "name": Object {
                    "kind": "Name",
                    "value": "QuestionnaireDetails",
                  },
                  "selectionSet": Object {
                    "kind": "SelectionSet",
                    "selections": Array [
                      Object {
                        "alias": undefined,
                        "arguments": Array [],
                        "directives": Array [],
                        "kind": "Field",
                        "name": Object {
                          "kind": "Name",
                          "value": "id",
                        },
                        "selectionSet": undefined,
                      },
                      Object {
                        "alias": undefined,
                        "arguments": Array [],
                        "directives": Array [],
                        "kind": "Field",
                        "name": Object {
                          "kind": "Name",
                          "value": "title",
                        },
                        "selectionSet": undefined,
                      },
                      Object {
                        "alias": undefined,
                        "arguments": Array [],
                        "directives": Array [],
                        "kind": "Field",
                        "name": Object {
                          "kind": "Name",
                          "value": "shortTitle",
                        },
                        "selectionSet": undefined,
                      },
                      Object {
                        "alias": undefined,
                        "arguments": Array [],
                        "directives": Array [],
                        "kind": "Field",
                        "name": Object {
                          "kind": "Name",
                          "value": "displayName",
                        },
                        "selectionSet": undefined,
                      },
                      Object {
                        "alias": undefined,
                        "arguments": Array [],
                        "directives": Array [],
                        "kind": "Field",
                        "name": Object {
                          "kind": "Name",
                          "value": "createdAt",
                        },
                        "selectionSet": undefined,
                      },
                      Object {
                        "alias": undefined,
                        "arguments": Array [],
                        "directives": Array [],
                        "kind": "Field",
                        "name": Object {
                          "kind": "Name",
                          "value": "updatedAt",
                        },
                        "selectionSet": undefined,
                      },
                      Object {
                        "alias": undefined,
                        "arguments": Array [],
                        "directives": Array [],
                        "kind": "Field",
                        "name": Object {
                          "kind": "Name",
                          "value": "createdBy",
                        },
                        "selectionSet": Object {
                          "kind": "SelectionSet",
                          "selections": Array [
                            Object {
                              "alias": undefined,
                              "arguments": Array [],
                              "directives": Array [],
                              "kind": "Field",
                              "name": Object {
                                "kind": "Name",
                                "value": "id",
                              },
                              "selectionSet": undefined,
                            },
                            Object {
                              "alias": undefined,
                              "arguments": Array [],
                              "directives": Array [],
                              "kind": "Field",
                              "name": Object {
                                "kind": "Name",
                                "value": "name",
                              },
                              "selectionSet": undefined,
                            },
                          ],
                        },
                      },
                    ],
                  },
                  "typeCondition": Object {
                    "kind": "NamedType",
                    "name": Object {
                      "kind": "Name",
                      "value": "Questionnaire",
                    },
                  },
                },
              ],
              "kind": "Document",
              "loc": Object {
                "end": 296,
                "start": 0,
              },
            }
          }
        >
          <Component />
        </Query>
      </MainCanvas>
    </ScrollPane>
  </BaseLayout>
</GetContext>
`;

exports[`components/QuestionnairesPage should render error message when there is an error 1`] = `
<Error>
  Oops! Questionnaires could not be found
</Error>
`;

exports[`components/QuestionnairesPage should render loading message when loading 1`] = `
<Loading
  height="24.25rem"
>
  Questionnaires loadingâ€¦
</Loading>
`;

exports[`components/QuestionnairesPage should render table when there are questionnaires 1`] = `
<GetContext
  title={[Function]}
>
  <BaseLayout
    title="Your Questionnaires"
  >
    <ScrollPane
      permanentScrollBar={true}
    >
      <MainCanvas
        maxWidth="55em"
      >
        <Query
          fetchPolicy="cache-and-network"
          query={
            Object {
              "definitions": Array [
                Object {
                  "directives": Array [],
                  "kind": "OperationDefinition",
                  "name": Object {
                    "kind": "Name",
                    "value": "GetQuestionnaireList",
                  },
                  "operation": "query",
                  "selectionSet": Object {
                    "kind": "SelectionSet",
                    "selections": Array [
                      Object {
                        "alias": undefined,
                        "arguments": Array [],
                        "directives": Array [],
                        "kind": "Field",
                        "name": Object {
                          "kind": "Name",
                          "value": "questionnaires",
                        },
                        "selectionSet": Object {
                          "kind": "SelectionSet",
                          "selections": Array [
                            Object {
                              "directives": Array [],
                              "kind": "FragmentSpread",
                              "name": Object {
                                "kind": "Name",
                                "value": "QuestionnaireDetails",
                              },
                            },
                          ],
                        },
                      },
                    ],
                  },
                  "variableDefinitions": Array [],
                },
                Object {
                  "directives": Array [],
                  "kind": "FragmentDefinition",
                  "name": Object {
                    "kind": "Name",
                    "value": "QuestionnaireDetails",
                  },
                  "selectionSet": Object {
                    "kind": "SelectionSet",
                    "selections": Array [
                      Object {
                        "alias": undefined,
                        "arguments": Array [],
                        "directives": Array [],
                        "kind": "Field",
                        "name": Object {
                          "kind": "Name",
                          "value": "id",
                        },
                        "selectionSet": undefined,
                      },
                      Object {
                        "alias": undefined,
                        "arguments": Array [],
                        "directives": Array [],
                        "kind": "Field",
                        "name": Object {
                          "kind": "Name",
                          "value": "title",
                        },
                        "selectionSet": undefined,
                      },
                      Object {
                        "alias": undefined,
                        "arguments": Array [],
                        "directives": Array [],
                        "kind": "Field",
                        "name": Object {
                          "kind": "Name",
                          "value": "shortTitle",
                        },
                        "selectionSet": undefined,
                      },
                      Object {
                        "alias": undefined,
                        "arguments": Array [],
                        "directives": Array [],
                        "kind": "Field",
                        "name": Object {
                          "kind": "Name",
                          "value": "displayName",
                        },
                        "selectionSet": undefined,
                      },
                      Object {
                        "alias": undefined,
                        "arguments": Array [],
                        "directives": Array [],
                        "kind": "Field",
                        "name": Object {
                          "kind": "Name",
                          "value": "createdAt",
                        },
                        "selectionSet": undefined,
                      },
                      Object {
                        "alias": undefined,
                        "arguments": Array [],
                        "directives": Array [],
                        "kind": "Field",
                        "name": Object {
                          "kind": "Name",
                          "value": "updatedAt",
                        },
                        "selectionSet": undefined,
                      },
                      Object {
                        "alias": undefined,
                        "arguments": Array [],
                        "directives": Array [],
                        "kind": "Field",
                        "name": Object {
                          "kind": "Name",
                          "value": "createdBy",
                        },
                        "selectionSet": Object {
                          "kind": "SelectionSet",
                          "selections": Array [
                            Object {
                              "alias": undefined,
                              "arguments": Array [],
                              "directives": Array [],
                              "kind": "Field",
                              "name": Object {
                                "kind": "Name",
                                "value": "id",
                              },
                              "selectionSet": undefined,
                            },
                            Object {
                              "alias": undefined,
                              "arguments": Array [],
                              "directives": Array [],
                              "kind": "Field",
                              "name": Object {
                                "kind": "Name",
                                "value": "name",
                              },
                              "selectionSet": undefined,
                            },
                          ],
                        },
                      },
                    ],
                  },
                  "typeCondition": Object {
                    "kind": "NamedType",
                    "name": Object {
                      "kind": "Name",
                      "value": "Questionnaire",
                    },
                  },
                },
              ],
              "kind": "Document",
              "loc": Object {
                "end": 296,
                "start": 0,
              },
            }
          }
        >
          <Component />
        </Query>
      </MainCanvas>
    </ScrollPane>
  </BaseLayout>
</GetContext>
`;

exports[`components/QuestionnairesPage should render table when there are questionnaires 2`] = `
<QuestionnairesView
  onCreateQuestionnaire={[MockFunction]}
  onDeleteQuestionnaire={[MockFunction]}
  onDuplicateQuestionnaire={[MockFunction]}
  questionnaires={
    Array [
      Object {
        "createdAt": "01/01/1970",
        "createdBy": Object {
          "id": "1",
          "name": "Mike",
        },
        "displayName": "Test questionnaire",
        "id": "1",
        "sections": Array [
          Object {
            "id": "5",
            "pages": Array [
              Object {
                "id": "10",
              },
            ],
          },
        ],
        "shortTitle": "Short title",
        "title": "Test questionnaire",
        "updatedAt": "02/01/1970",
      },
    ]
  }
/>
`;

exports[`components/QuestionnairesPage should render when there are no questionnaires 1`] = `
<GetContext
  title={[Function]}
>
  <BaseLayout
    title="Your Questionnaires"
  >
    <ScrollPane
      permanentScrollBar={true}
    >
      <MainCanvas
        maxWidth="55em"
      >
        <Query
          fetchPolicy="cache-and-network"
          query={
            Object {
              "definitions": Array [
                Object {
                  "directives": Array [],
                  "kind": "OperationDefinition",
                  "name": Object {
                    "kind": "Name",
                    "value": "GetQuestionnaireList",
                  },
                  "operation": "query",
                  "selectionSet": Object {
                    "kind": "SelectionSet",
                    "selections": Array [
                      Object {
                        "alias": undefined,
                        "arguments": Array [],
                        "directives": Array [],
                        "kind": "Field",
                        "name": Object {
                          "kind": "Name",
                          "value": "questionnaires",
                        },
                        "selectionSet": Object {
                          "kind": "SelectionSet",
                          "selections": Array [
                            Object {
                              "directives": Array [],
                              "kind": "FragmentSpread",
                              "name": Object {
                                "kind": "Name",
                                "value": "QuestionnaireDetails",
                              },
                            },
                          ],
                        },
                      },
                    ],
                  },
                  "variableDefinitions": Array [],
                },
                Object {
                  "directives": Array [],
                  "kind": "FragmentDefinition",
                  "name": Object {
                    "kind": "Name",
                    "value": "QuestionnaireDetails",
                  },
                  "selectionSet": Object {
                    "kind": "SelectionSet",
                    "selections": Array [
                      Object {
                        "alias": undefined,
                        "arguments": Array [],
                        "directives": Array [],
                        "kind": "Field",
                        "name": Object {
                          "kind": "Name",
                          "value": "id",
                        },
                        "selectionSet": undefined,
                      },
                      Object {
                        "alias": undefined,
                        "arguments": Array [],
                        "directives": Array [],
                        "kind": "Field",
                        "name": Object {
                          "kind": "Name",
                          "value": "title",
                        },
                        "selectionSet": undefined,
                      },
                      Object {
                        "alias": undefined,
                        "arguments": Array [],
                        "directives": Array [],
                        "kind": "Field",
                        "name": Object {
                          "kind": "Name",
                          "value": "shortTitle",
                        },
                        "selectionSet": undefined,
                      },
                      Object {
                        "alias": undefined,
                        "arguments": Array [],
                        "directives": Array [],
                        "kind": "Field",
                        "name": Object {
                          "kind": "Name",
                          "value": "displayName",
                        },
                        "selectionSet": undefined,
                      },
                      Object {
                        "alias": undefined,
                        "arguments": Array [],
                        "directives": Array [],
                        "kind": "Field",
                        "name": Object {
                          "kind": "Name",
                          "value": "createdAt",
                        },
                        "selectionSet": undefined,
                      },
                      Object {
                        "alias": undefined,
                        "arguments": Array [],
                        "directives": Array [],
                        "kind": "Field",
                        "name": Object {
                          "kind": "Name",
                          "value": "updatedAt",
                        },
                        "selectionSet": undefined,
                      },
                      Object {
                        "alias": undefined,
                        "arguments": Array [],
                        "directives": Array [],
                        "kind": "Field",
                        "name": Object {
                          "kind": "Name",
                          "value": "createdBy",
                        },
                        "selectionSet": Object {
                          "kind": "SelectionSet",
                          "selections": Array [
                            Object {
                              "alias": undefined,
                              "arguments": Array [],
                              "directives": Array [],
                              "kind": "Field",
                              "name": Object {
                                "kind": "Name",
                                "value": "id",
                              },
                              "selectionSet": undefined,
                            },
                            Object {
                              "alias": undefined,
                              "arguments": Array [],
                              "directives": Array [],
                              "kind": "Field",
                              "name": Object {
                                "kind": "Name",
                                "value": "name",
                              },
                              "selectionSet": undefined,
                            },
                          ],
                        },
                      },
                    ],
                  },
                  "typeCondition": Object {
                    "kind": "NamedType",
                    "name": Object {
                      "kind": "Name",
                      "value": "Questionnaire",
                    },
                  },
                },
              ],
              "kind": "Document",
              "loc": Object {
                "end": 296,
                "start": 0,
              },
            }
          }
        >
          <Component />
        </Query>
      </MainCanvas>
    </ScrollPane>
  </BaseLayout>
</GetContext>
`;
