// Jest Snapshot v1, https://goo.gl/fbAQLP

exports[`components/AppContainer should render 1`] = `
<Theme>
  <div>
    Content
  </div>
   
  <GlobalStyleComponent />
</Theme>
`;
