// Jest Snapshot v1, https://goo.gl/fbAQLP

exports[`AnswerChip should render 1`] = `
<AnswerChip__Chip>
  <AnswerChip__Title>
    Hello
  </AnswerChip__Title>
  <AnswerChip__CloseButton
    data-test="remove-answer-button"
    onClick={[MockFunction]}
  />
</AnswerChip__Chip>
`;
