// Jest Snapshot v1, https://goo.gl/fbAQLP

exports[`CalculatedSummaryPreview should render 1`] = `
<EditorLayout
  page={
    Object {
      "alias": "Who am I?",
      "displayName": "Question",
      "id": "1",
      "pageType": "CalculatedSummaryPage",
      "position": 1,
      "section": Object {
        "id": "1",
        "questionnaire": Object {
          "id": "1",
          "metadata": Array [],
        },
      },
      "summaryAnswers": Array [
        Object {
          "displayName": "Answer 1",
          "id": "1",
        },
        Object {
          "displayName": "Answer 2",
          "id": "2",
        },
        Object {
          "displayName": "Answer 3",
          "id": "3",
        },
      ],
      "title": "<p>Hello world</p>",
      "totalTitle": "<p>Total be:</p>",
    }
  }
  preview={true}
  routing={false}
>
  <Panel>
    <CalculatedSummaryPreview__Container>
      <PageTitle
        title="<p>Hello world</p>"
      />
      <Info>
        Please review your answers and confirm these are correct.
      </Info>
      <CalculatedSummaryPreview__Summary>
        <CalculatedSummaryPreview__SummaryItem
          key="1"
        >
          <Grid
            align="top"
            fillHeight={true}
          >
            <Column
              cols={7}
            >
              <CalculatedSummaryPreview__SummaryLabel
                data-test="answer-item"
              >
                Answer 1
              </CalculatedSummaryPreview__SummaryLabel>
            </Column>
            <Column
              cols={3}
            >
              <CalculatedSummaryPreview__SummaryValue>
                Value
              </CalculatedSummaryPreview__SummaryValue>
            </Column>
            <Column
              cols={2}
            >
              <CalculatedSummaryPreview__SummaryLink>
                Change
              </CalculatedSummaryPreview__SummaryLink>
            </Column>
          </Grid>
        </CalculatedSummaryPreview__SummaryItem>
        <CalculatedSummaryPreview__SummaryItem
          key="2"
        >
          <Grid
            align="top"
            fillHeight={true}
          >
            <Column
              cols={7}
            >
              <CalculatedSummaryPreview__SummaryLabel
                data-test="answer-item"
              >
                Answer 2
              </CalculatedSummaryPreview__SummaryLabel>
            </Column>
            <Column
              cols={3}
            >
              <CalculatedSummaryPreview__SummaryValue>
                Value
              </CalculatedSummaryPreview__SummaryValue>
            </Column>
            <Column
              cols={2}
            >
              <CalculatedSummaryPreview__SummaryLink>
                Change
              </CalculatedSummaryPreview__SummaryLink>
            </Column>
          </Grid>
        </CalculatedSummaryPreview__SummaryItem>
        <CalculatedSummaryPreview__SummaryItem
          key="3"
        >
          <Grid
            align="top"
            fillHeight={true}
          >
            <Column
              cols={7}
            >
              <CalculatedSummaryPreview__SummaryLabel
                data-test="answer-item"
              >
                Answer 3
              </CalculatedSummaryPreview__SummaryLabel>
            </Column>
            <Column
              cols={3}
            >
              <CalculatedSummaryPreview__SummaryValue>
                Value
              </CalculatedSummaryPreview__SummaryValue>
            </Column>
            <Column
              cols={2}
            >
              <CalculatedSummaryPreview__SummaryLink>
                Change
              </CalculatedSummaryPreview__SummaryLink>
            </Column>
          </Grid>
        </CalculatedSummaryPreview__SummaryItem>
        <CalculatedSummaryPreview__SummaryTotal>
          <Grid
            align="top"
            fillHeight={true}
          >
            <Column
              cols={7}
            >
              <CalculatedSummaryPreview__SummaryTotalLabel
                dangerouslySetInnerHTML={
                  Object {
                    "__html": "<p>Total be:</p>",
                  }
                }
                data-test="total-title"
              />
            </Column>
            <Column
              cols={3}
            >
              <CalculatedSummaryPreview__SummaryValue>
                Value
              </CalculatedSummaryPreview__SummaryValue>
            </Column>
            <Column
              cols={2}
            />
          </Grid>
        </CalculatedSummaryPreview__SummaryTotal>
      </CalculatedSummaryPreview__Summary>
    </CalculatedSummaryPreview__Container>
  </Panel>
</EditorLayout>
`;
