// Jest Snapshot v1, https://goo.gl/fbAQLP

exports[`QuestionPagePreview should render additional info content missing message 1`] = `null`;

exports[`QuestionPagePreview should render additional info label missing message 1`] = `null`;

exports[`QuestionPagePreview should render definition content missing message 1`] = `null`;

exports[`QuestionPagePreview should render definition label missing message 1`] = `null`;

exports[`QuestionPagePreview should render description missing message 1`] = `null`;

exports[`QuestionPagePreview should render guidance missing message 1`] = `null`;
