// Jest Snapshot v1, https://goo.gl/fbAQLP

exports[`CollapsibleEditor should render 1`] = `
<CollapsibleEditor__Detail
  data-test="collapsible-editor"
  id="1"
>
  <Modal
    isOpen={false}
    negativeButtonText="Cancel"
    onClose={[Function]}
    onConfirm={[Function]}
    positiveButtonText="Delete"
    title="Delete collapsible"
  />
  <CollapsibleEditor__DetailHeader>
    <MoveButton
      color="secondary"
      data-test="move-up-btn"
      disabled={true}
      onClick={[MockFunction]}
    >
      <Component />
    </MoveButton>
    <MoveButton
      color="secondary"
      data-test="move-down-btn"
      disabled={true}
      onClick={[MockFunction]}
    >
      <Component />
    </MoveButton>
    <Tooltip
      content="Delete collapsible"
      offset={
        Object {
          "bottom": 10,
          "top": 0,
        }
      }
      place="top"
    >
      <CollapsibleEditor__DetailDeleteButton
        data-test="delete-collapsible-btn"
        disabled={false}
        onClick={[Function]}
      />
    </Tooltip>
  </CollapsibleEditor__DetailHeader>
  <Field
    disabled={false}
    last={false}
  >
    <Label
      bold={true}
      htmlFor="details-title-1"
    >
      Title
    </Label>
    <withChangeHandler(WrappingInput)
      bold={true}
      data-test="txt-collapsible-title"
      id="details-title-1"
      name="title"
      onBlur={[MockFunction]}
      onChange={[MockFunction]}
      value="title"
    />
  </Field>
  <RichTextEditor
    autoFocus={false}
    controls={
      Object {
        "bold": true,
        "emphasis": true,
        "link": true,
        "list": true,
        "piping": true,
      }
    }
    disabled={false}
    id="details-description-1"
    label="Description"
    maxHeight={12}
    multiline={true}
    name="description"
    onUpdate={[MockFunction]}
    placeholder=""
    testSelector="txt-collapsible-description"
    value="description"
  />
</CollapsibleEditor__Detail>
`;
