// Jest Snapshot v1, https://goo.gl/fbAQLP

exports[`Required Property should render 1`] = `
<Collapsible
  errorCount={0}
  title="number properties"
  variant="properties"
  withoutHideThis={true}
>
  <NumberProperties__Container>
    <Required
      answer={
        Object {
          "id": "1",
          "properties": Object {
            "decimals": 0,
          },
          "type": "number",
          "validationErrorInfo": Object {
            "errors": Array [],
            "id": "1",
            "totalCount": 0,
          },
        }
      }
      getId={
        [MockFunction] {
          "calls": Array [
            Array [
              "required",
              "1",
            ],
          ],
          "results": Array [
            Object {
              "type": "return",
              "value": undefined,
            },
          ],
        }
      }
      label="Answer required"
    />
    <NumberProperties__VerticalRule />
    <InlineField
      label="Decimals"
    >
      <Decimal
        answer={
          Object {
            "id": "1",
            "properties": Object {
              "decimals": 0,
            },
            "type": "number",
            "validationErrorInfo": Object {
              "errors": Array [],
              "id": "1",
              "totalCount": 0,
            },
          }
        }
        data-test="decimals"
        id="1"
        value={0}
      />
    </InlineField>
  </NumberProperties__Container>
  <NumberProperties__HorizontalRule />
  <Label
    bold={true}
  >
    Validation settings
  </Label>
  <Memo(AnswerValidation)
    answer={
      Object {
        "id": "1",
        "properties": Object {
          "decimals": 0,
        },
        "type": "number",
        "validationErrorInfo": Object {
          "errors": Array [],
          "id": "1",
          "totalCount": 0,
        },
      }
    }
  />
</Collapsible>
`;
