// Jest Snapshot v1, https://goo.gl/fbAQLP

exports[`Answer Properties should render 1`] = `
<Fragment>
  <NumberProperties
    answer={
      Object {
        "id": "1",
        "properties": Object {
          "decimals": 2,
          "required": true,
        },
        "type": "Number",
      }
    }
    getId={[Function]}
    handleChange={[Function]}
    hasDecimalInconsistency={false}
  />
</Fragment>
`;
