// Jest Snapshot v1, https://goo.gl/fbAQLP

exports[`ExpansionTransition should render 1`] = `
<DocumentFragment>
  .c0 {
  max-width: 70em;
  margin: 0 auto 1em;
  padding: 0 1.2em;
  position: relative;
  width: 100%;
}

.c0 div:first-child {
  padding-top: 1em;
}

<main
    class="c0"
  >
    <div>
      Content
    </div>
  </main>
</DocumentFragment>
`;
