// Jest Snapshot v1, https://goo.gl/fbAQLP

exports[`Duration Preview should not render when value 0 1`] = `""`;

exports[`Duration Preview should render 1`] = `
<Fragment>
  <div>
    5 days
  </div>
</Fragment>
`;
